..........sss........................................................... [ 96%]
...                                                                      [100%]
72 passed, 3 skipped in 5.47s
